******************************************************************************
             TMS320C2000 Linker PC v6.2.11                     
******************************************************************************
>> Linked Thu May 28 16:32:03 2015

OUTPUT FILE NAME:   <TestCANSim.out>
ENTRY POINT SYMBOL: "_c_int00"  address: 0000a0df


MEMORY CONFIGURATION

         name            origin    length      used     unused   attr    fill
----------------------  --------  ---------  --------  --------  ----  --------
PAGE 0:
  BEGIN                 00000000   00000002  00000000  00000002  RWIX
  RAMM0                 00000050   000003b0  00000000  000003b0  RWIX
  RAML0                 00008000   00001000  00000076  00000f8a  RWIX
  RAML1                 00009000   00002000  000011e2  00000e1e  RWIX
  RAML3                 0000b000   00001000  00000000  00001000  RWIX
  ZONE7A                00200000   0000fc00  00000000  0000fc00  RWIX
  CSM_RSVD              0033ff80   00000076  00000000  00000076  RWIX
  CSM_PWL               0033fff8   00000008  00000000  00000008  RWIX
  ADC_CAL               00380080   00000009  00000007  00000002  RWIX
  IQTABLES              003fe000   00000b50  00000000  00000b50  RWIX
  IQTABLES2             003feb50   0000008c  00000000  0000008c  RWIX
  FPUTABLES             003febdc   000006a0  00000000  000006a0  RWIX
  BOOTROM               003ff27c   00000d44  00000000  00000d44  RWIX
  RESET                 003fffc0   00000002  00000000  00000002  RWIX

PAGE 1:
  BOOT_RSVD             00000002   0000004e  00000000  0000004e  RWIX
  RAMM1                 00000400   00000400  00000300  00000100  RWIX
  DEV_EMU               00000880   00000180  000000d0  000000b0  RWIX
  FLASH_REGS            00000a80   00000060  00000008  00000058  RWIX
  CSM                   00000ae0   00000010  00000010  00000000  RWIX
  ADC_MIRROR            00000b00   00000010  00000010  00000000  RWIX
  XINTF                 00000b20   00000020  0000001e  00000002  RWIX
  CPU_TIMER0            00000c00   00000008  00000008  00000000  RWIX
  CPU_TIMER1            00000c08   00000008  00000008  00000000  RWIX
  CPU_TIMER2            00000c10   00000008  00000008  00000000  RWIX
  PIE_CTRL              00000ce0   00000020  0000001a  00000006  RWIX
  PIE_VECT              00000d00   00000100  00000100  00000000  RWIX
  DMA                   00001000   00000200  000000e0  00000120  RWIX
  MCBSPA                00005000   00000040  00000025  0000001b  RWIX
  MCBSPB                00005040   00000040  00000025  0000001b  RWIX
  ECANA                 00006000   00000040  00000034  0000000c  RWIX
  ECANA_LAM             00006040   00000040  00000040  00000000  RWIX
  ECANA_MOTS            00006080   00000040  00000040  00000000  RWIX
  ECANA_MOTO            000060c0   00000040  00000040  00000000  RWIX
  ECANA_MBOX            00006100   00000100  00000100  00000000  RWIX
  ECANB                 00006200   00000040  00000034  0000000c  RWIX
  ECANB_LAM             00006240   00000040  00000040  00000000  RWIX
  ECANB_MOTS            00006280   00000040  00000040  00000000  RWIX
  ECANB_MOTO            000062c0   00000040  00000040  00000000  RWIX
  ECANB_MBOX            00006300   00000100  00000100  00000000  RWIX
  EPWM1                 00006800   00000022  00000022  00000000  RWIX
  EPWM2                 00006840   00000022  00000022  00000000  RWIX
  EPWM3                 00006880   00000022  00000022  00000000  RWIX
  EPWM4                 000068c0   00000022  00000022  00000000  RWIX
  EPWM5                 00006900   00000022  00000022  00000000  RWIX
  EPWM6                 00006940   00000022  00000022  00000000  RWIX
  ECAP1                 00006a00   00000020  00000020  00000000  RWIX
  ECAP2                 00006a20   00000020  00000020  00000000  RWIX
  ECAP3                 00006a40   00000020  00000020  00000000  RWIX
  ECAP4                 00006a60   00000020  00000020  00000000  RWIX
  ECAP5                 00006a80   00000020  00000020  00000000  RWIX
  ECAP6                 00006aa0   00000020  00000020  00000000  RWIX
  EQEP1                 00006b00   00000040  00000040  00000000  RWIX
  EQEP2                 00006b40   00000040  00000040  00000000  RWIX
  GPIOCTRL              00006f80   00000040  0000002e  00000012  RWIX
  GPIODAT               00006fc0   00000020  00000020  00000000  RWIX
  GPIOINT               00006fe0   00000020  0000000a  00000016  RWIX
  SYSTEM                00007010   00000020  00000020  00000000  RWIX
  SPIA                  00007040   00000010  00000010  00000000  RWIX
  SCIA                  00007050   00000010  00000010  00000000  RWIX
  XINTRUPT              00007070   00000010  00000010  00000000  RWIX
  ADC                   00007100   00000020  0000001e  00000002  RWIX
  SCIB                  00007750   00000010  00000010  00000000  RWIX
  SCIC                  00007770   00000010  00000010  00000000  RWIX
  I2CA                  00007900   00000040  00000022  0000001e  RWIX
  RAML4                 0000c000   00001000  00000047  00000fb9  RWIX
  RAML5                 0000d000   00001000  00000132  00000ece  RWIX
  RAML6                 0000e000   00001000  00000000  00001000  RWIX
  RAML7                 0000f000   00001000  00000000  00001000  RWIX
  ZONE7B                0020fc00   00000400  00000000  00000400  RWIX
  CSM_PWL               0033fff8   00000008  00000008  00000000  RWIX
  PARTID                00380090   00000001  00000001  00000000  RWIX


SECTION ALLOCATION MAP

 output                                  attributes/
section   page    origin      length       input sections
--------  ----  ----------  ----------   ----------------
.pinit     0    00008000    00000000     UNINITIALIZED

.cinit     0    00008000    00000072     
                  00008000    00000058     main.obj (.cinit)
                  00008058    0000000a     rts2800_fpu32.lib : _lock.obj (.cinit)
                  00008062    0000000a                       : exit.obj (.cinit)
                  0000806c    00000004                       : errno.obj (.cinit)
                  00008070    00000002     --HOLE-- [fill = 0]

ramfuncs   0    00008072    00000004     
                  00008072    00000004     DSP2833x_usDelay.obj (ramfuncs)

.text      0    00009000    000011e2     
                  00009000    000003e7     Transformadas.obj (.text)
                  000093e7    000003be     main.obj (.text)
                  000097a5    00000316     DSP2833x_DefaultIsr.obj (.text:retain)
                  00009abb    000001af     sogi.obj (.text)
                  00009c6a    00000179     com_can.obj (.text)
                  00009de3    000000f7     DSP2833x_SysCtrl.obj (.text)
                  00009eda    000000c4     rts2800_fpu32.lib : atan2.obj (.text)
                  00009f9e    00000088                       : fs_div.obj (.text)
                  0000a026    00000061                       : cos.obj (.text)
                  0000a087    00000058                       : sin.obj (.text)
                  0000a0df    00000046                       : boot.obj (.text)
                  0000a125    00000028     DSP2833x_PieCtrl.obj (.text)
                  0000a14d    00000001     --HOLE-- [fill = 0]
                  0000a14e    00000023     rts2800_fpu32.lib : sqrt.obj (.text)
                  0000a171    00000020     DSP2833x_PieVect.obj (.text)
                  0000a191    00000019     rts2800_fpu32.lib : args_main.obj (.text)
                  0000a1aa    00000019                       : exit.obj (.text)
                  0000a1c3    00000016                       : frexp.obj (.text)
                  0000a1d9    00000009                       : _lock.obj (.text)

csm_rsvd   0    0033ff80    00000000     DSECT

csmpasswds 
*          0    0033fff8    00000000     DSECT

.adc_cal   0    00380080    00000007     NOLOAD SECTION
                  00380080    00000007     DSP2833x_ADC_cal.obj (.adc_cal)

.reset     0    003fffc0    00000002     DSECT
                  003fffc0    00000002     rts2800_fpu32.lib : boot.obj (.reset)

.stack     1    00000400    00000300     UNINITIALIZED
                  00000400    00000300     --HOLE--

DevEmuRegsFile 
*          1    00000880    000000d0     UNINITIALIZED
                  00000880    000000d0     DSP2833x_GlobalVariableDefs.obj (DevEmuRegsFile)

FlashRegsFile 
*          1    00000a80    00000008     UNINITIALIZED
                  00000a80    00000008     DSP2833x_GlobalVariableDefs.obj (FlashRegsFile)

CsmRegsFile 
*          1    00000ae0    00000010     UNINITIALIZED
                  00000ae0    00000010     DSP2833x_GlobalVariableDefs.obj (CsmRegsFile)

AdcMirrorFile 
*          1    00000b00    00000010     UNINITIALIZED
                  00000b00    00000010     DSP2833x_GlobalVariableDefs.obj (AdcMirrorFile)

XintfRegsFile 
*          1    00000b20    0000001e     UNINITIALIZED
                  00000b20    0000001e     DSP2833x_GlobalVariableDefs.obj (XintfRegsFile)

CpuTimer0RegsFile 
*          1    00000c00    00000008     UNINITIALIZED
                  00000c00    00000008     DSP2833x_GlobalVariableDefs.obj (CpuTimer0RegsFile)

CpuTimer1RegsFile 
*          1    00000c08    00000008     UNINITIALIZED
                  00000c08    00000008     DSP2833x_GlobalVariableDefs.obj (CpuTimer1RegsFile)

CpuTimer2RegsFile 
*          1    00000c10    00000008     UNINITIALIZED
                  00000c10    00000008     DSP2833x_GlobalVariableDefs.obj (CpuTimer2RegsFile)

PieCtrlRegsFile 
*          1    00000ce0    0000001a     UNINITIALIZED
                  00000ce0    0000001a     DSP2833x_GlobalVariableDefs.obj (PieCtrlRegsFile)

PieVectTableFile 
*          1    00000d00    00000100     UNINITIALIZED
                  00000d00    00000100     DSP2833x_GlobalVariableDefs.obj (PieVectTableFile)

DmaRegsFile 
*          1    00001000    000000e0     UNINITIALIZED
                  00001000    000000e0     DSP2833x_GlobalVariableDefs.obj (DmaRegsFile)

McbspaRegsFile 
*          1    00005000    00000025     UNINITIALIZED
                  00005000    00000025     DSP2833x_GlobalVariableDefs.obj (McbspaRegsFile)

McbspbRegsFile 
*          1    00005040    00000025     UNINITIALIZED
                  00005040    00000025     DSP2833x_GlobalVariableDefs.obj (McbspbRegsFile)

ECanaRegsFile 
*          1    00006000    00000034     UNINITIALIZED
                  00006000    00000034     DSP2833x_GlobalVariableDefs.obj (ECanaRegsFile)

ECanaLAMRegsFile 
*          1    00006040    00000040     UNINITIALIZED
                  00006040    00000040     DSP2833x_GlobalVariableDefs.obj (ECanaLAMRegsFile)

ECanaMOTSRegsFile 
*          1    00006080    00000040     UNINITIALIZED
                  00006080    00000040     DSP2833x_GlobalVariableDefs.obj (ECanaMOTSRegsFile)

ECanaMOTORegsFile 
*          1    000060c0    00000040     UNINITIALIZED
                  000060c0    00000040     DSP2833x_GlobalVariableDefs.obj (ECanaMOTORegsFile)

ECanaMboxesFile 
*          1    00006100    00000100     UNINITIALIZED
                  00006100    00000100     DSP2833x_GlobalVariableDefs.obj (ECanaMboxesFile)

ECanbRegsFile 
*          1    00006200    00000034     UNINITIALIZED
                  00006200    00000034     DSP2833x_GlobalVariableDefs.obj (ECanbRegsFile)

ECanbLAMRegsFile 
*          1    00006240    00000040     UNINITIALIZED
                  00006240    00000040     DSP2833x_GlobalVariableDefs.obj (ECanbLAMRegsFile)

ECanbMOTSRegsFile 
*          1    00006280    00000040     UNINITIALIZED
                  00006280    00000040     DSP2833x_GlobalVariableDefs.obj (ECanbMOTSRegsFile)

ECanbMOTORegsFile 
*          1    000062c0    00000040     UNINITIALIZED
                  000062c0    00000040     DSP2833x_GlobalVariableDefs.obj (ECanbMOTORegsFile)

ECanbMboxesFile 
*          1    00006300    00000100     UNINITIALIZED
                  00006300    00000100     DSP2833x_GlobalVariableDefs.obj (ECanbMboxesFile)

EPwm1RegsFile 
*          1    00006800    00000022     UNINITIALIZED
                  00006800    00000022     DSP2833x_GlobalVariableDefs.obj (EPwm1RegsFile)

EPwm2RegsFile 
*          1    00006840    00000022     UNINITIALIZED
                  00006840    00000022     DSP2833x_GlobalVariableDefs.obj (EPwm2RegsFile)

EPwm3RegsFile 
*          1    00006880    00000022     UNINITIALIZED
                  00006880    00000022     DSP2833x_GlobalVariableDefs.obj (EPwm3RegsFile)

EPwm4RegsFile 
*          1    000068c0    00000022     UNINITIALIZED
                  000068c0    00000022     DSP2833x_GlobalVariableDefs.obj (EPwm4RegsFile)

EPwm5RegsFile 
*          1    00006900    00000022     UNINITIALIZED
                  00006900    00000022     DSP2833x_GlobalVariableDefs.obj (EPwm5RegsFile)

EPwm6RegsFile 
*          1    00006940    00000022     UNINITIALIZED
                  00006940    00000022     DSP2833x_GlobalVariableDefs.obj (EPwm6RegsFile)

ECap1RegsFile 
*          1    00006a00    00000020     UNINITIALIZED
                  00006a00    00000020     DSP2833x_GlobalVariableDefs.obj (ECap1RegsFile)

ECap2RegsFile 
*          1    00006a20    00000020     UNINITIALIZED
                  00006a20    00000020     DSP2833x_GlobalVariableDefs.obj (ECap2RegsFile)

ECap3RegsFile 
*          1    00006a40    00000020     UNINITIALIZED
                  00006a40    00000020     DSP2833x_GlobalVariableDefs.obj (ECap3RegsFile)

ECap4RegsFile 
*          1    00006a60    00000020     UNINITIALIZED
                  00006a60    00000020     DSP2833x_GlobalVariableDefs.obj (ECap4RegsFile)

ECap5RegsFile 
*          1    00006a80    00000020     UNINITIALIZED
                  00006a80    00000020     DSP2833x_GlobalVariableDefs.obj (ECap5RegsFile)

ECap6RegsFile 
*          1    00006aa0    00000020     UNINITIALIZED
                  00006aa0    00000020     DSP2833x_GlobalVariableDefs.obj (ECap6RegsFile)

EQep1RegsFile 
*          1    00006b00    00000040     UNINITIALIZED
                  00006b00    00000040     DSP2833x_GlobalVariableDefs.obj (EQep1RegsFile)

EQep2RegsFile 
*          1    00006b40    00000040     UNINITIALIZED
                  00006b40    00000040     DSP2833x_GlobalVariableDefs.obj (EQep2RegsFile)

GpioCtrlRegsFile 
*          1    00006f80    0000002e     UNINITIALIZED
                  00006f80    0000002e     DSP2833x_GlobalVariableDefs.obj (GpioCtrlRegsFile)

GpioDataRegsFile 
*          1    00006fc0    00000020     UNINITIALIZED
                  00006fc0    00000020     DSP2833x_GlobalVariableDefs.obj (GpioDataRegsFile)

GpioIntRegsFile 
*          1    00006fe0    0000000a     UNINITIALIZED
                  00006fe0    0000000a     DSP2833x_GlobalVariableDefs.obj (GpioIntRegsFile)

SysCtrlRegsFile 
*          1    00007010    00000020     UNINITIALIZED
                  00007010    00000020     DSP2833x_GlobalVariableDefs.obj (SysCtrlRegsFile)

SpiaRegsFile 
*          1    00007040    00000010     UNINITIALIZED
                  00007040    00000010     DSP2833x_GlobalVariableDefs.obj (SpiaRegsFile)

SciaRegsFile 
*          1    00007050    00000010     UNINITIALIZED
                  00007050    00000010     DSP2833x_GlobalVariableDefs.obj (SciaRegsFile)

XIntruptRegsFile 
*          1    00007070    00000010     UNINITIALIZED
                  00007070    00000010     DSP2833x_GlobalVariableDefs.obj (XIntruptRegsFile)

AdcRegsFile 
*          1    00007100    0000001e     UNINITIALIZED
                  00007100    0000001e     DSP2833x_GlobalVariableDefs.obj (AdcRegsFile)

ScibRegsFile 
*          1    00007750    00000010     UNINITIALIZED
                  00007750    00000010     DSP2833x_GlobalVariableDefs.obj (ScibRegsFile)

ScicRegsFile 
*          1    00007770    00000010     UNINITIALIZED
                  00007770    00000010     DSP2833x_GlobalVariableDefs.obj (ScicRegsFile)

I2caRegsFile 
*          1    00007900    00000022     UNINITIALIZED
                  00007900    00000022     DSP2833x_GlobalVariableDefs.obj (I2caRegsFile)

.ebss      1    0000c000    00000047     UNINITIALIZED
                  0000c000    0000003c     main.obj (.ebss)
                  0000c03c    00000004     rts2800_fpu32.lib : _lock.obj (.ebss)
                  0000c040    00000004                       : exit.obj (.ebss)
                  0000c044    00000002     com_can.obj (.ebss)
                  0000c046    00000001     rts2800_fpu32.lib : errno.obj (.ebss)

.econst    1    0000d000    00000132     
                  0000d000    00000100     DSP2833x_PieVect.obj (.econst)
                  0000d100    0000002a     main.obj (.econst)
                  0000d12a    00000008     rts2800_fpu32.lib : atan2.obj (.econst:_a$1)

CsmPwlFile 
*          1    0033fff8    00000008     UNINITIALIZED
                  0033fff8    00000008     DSP2833x_GlobalVariableDefs.obj (CsmPwlFile)

PartIdRegsFile 
*          1    00380090    00000001     UNINITIALIZED
                  00380090    00000001     DSP2833x_GlobalVariableDefs.obj (PartIdRegsFile)


GLOBAL DATA SYMBOLS: SORTED BY DATA PAGE

address     data page           name
--------    ----------------    ----
00000400      10 (00000400)     __stack

00000880      22 (00000880)     _DevEmuRegs

00000a80      2a (00000a80)     _FlashRegs

00000ae0      2b (00000ac0)     _CsmRegs

00000b00      2c (00000b00)     _AdcMirror
00000b20      2c (00000b00)     _XintfRegs

00000c00      30 (00000c00)     _CpuTimer0Regs
00000c08      30 (00000c00)     _CpuTimer1Regs
00000c10      30 (00000c00)     _CpuTimer2Regs

00000ce0      33 (00000cc0)     _PieCtrlRegs

00000d00      34 (00000d00)     _PieVectTable

00001000      40 (00001000)     _DmaRegs

00005000     140 (00005000)     _McbspaRegs

00005040     141 (00005040)     _McbspbRegs

00006000     180 (00006000)     _ECanaRegs

00006040     181 (00006040)     _ECanaLAMRegs

00006080     182 (00006080)     _ECanaMOTSRegs

000060c0     183 (000060c0)     _ECanaMOTORegs

00006100     184 (00006100)     _ECanaMboxes

00006200     188 (00006200)     _ECanbRegs

00006240     189 (00006240)     _ECanbLAMRegs

00006280     18a (00006280)     _ECanbMOTSRegs

000062c0     18b (000062c0)     _ECanbMOTORegs

00006300     18c (00006300)     _ECanbMboxes

00006800     1a0 (00006800)     _EPwm1Regs

00006840     1a1 (00006840)     _EPwm2Regs

00006880     1a2 (00006880)     _EPwm3Regs

000068c0     1a3 (000068c0)     _EPwm4Regs

00006900     1a4 (00006900)     _EPwm5Regs

00006940     1a5 (00006940)     _EPwm6Regs

00006a00     1a8 (00006a00)     _ECap1Regs
00006a20     1a8 (00006a00)     _ECap2Regs

00006a40     1a9 (00006a40)     _ECap3Regs
00006a60     1a9 (00006a40)     _ECap4Regs

00006a80     1aa (00006a80)     _ECap5Regs
00006aa0     1aa (00006a80)     _ECap6Regs

00006b00     1ac (00006b00)     _EQep1Regs

00006b40     1ad (00006b40)     _EQep2Regs

00006f80     1be (00006f80)     _GpioCtrlRegs

00006fc0     1bf (00006fc0)     _GpioDataRegs
00006fe0     1bf (00006fc0)     _GpioIntRegs

00007010     1c0 (00007000)     _SysCtrlRegs

00007040     1c1 (00007040)     _SpiaRegs
00007050     1c1 (00007040)     _SciaRegs
00007070     1c1 (00007040)     _XIntruptRegs

00007100     1c4 (00007100)     _AdcRegs

00007750     1dd (00007740)     _ScibRegs
00007770     1dd (00007740)     _ScicRegs

00007900     1e4 (00007900)     _I2caRegs

0000c000     300 (0000c000)     _j
0000c001     300 (0000c000)     _ejecs
0000c002     300 (0000c000)     _ma
0000c004     300 (0000c000)     _enable
0000c006     300 (0000c000)     _mc
0000c008     300 (0000c000)     _LPF_p
0000c00a     300 (0000c000)     _LPF_vdc
0000c00c     300 (0000c000)     _iq_ref
0000c00e     300 (0000c000)     _id_ref
0000c010     300 (0000c000)     _LPF_wdq
0000c012     300 (0000c000)     _mb
0000c014     300 (0000c000)     _LPF_eq
0000c016     300 (0000c000)     _LPF_ed
0000c018     300 (0000c000)     _ea
0000c01a     300 (0000c000)     _ib
0000c01c     300 (0000c000)     _vdc
0000c01e     300 (0000c000)     _eb
0000c020     300 (0000c000)     _iLa
0000c022     300 (0000c000)     _ia
0000c024     300 (0000c000)     _iLb
0000c026     300 (0000c000)     _respuestas
0000c02c     300 (0000c000)     _parametros
0000c03c     300 (0000c000)     __unlock
0000c03e     300 (0000c000)     __lock

0000c040     301 (0000c040)     ___TI_cleanup_ptr
0000c042     301 (0000c040)     ___TI_dtors_ptr
0000c046     301 (0000c040)     _errno

0000d000     340 (0000d000)     _PieVectTableInit

0000d100     344 (0000d100)     _SOGI_k
0000d102     344 (0000d100)     _SOGI_gamma
0000d104     344 (0000d100)     _SOGI_Tm
0000d106     344 (0000d100)     _SOGI_w0
0000d108     344 (0000d100)     _R3
0000d10a     344 (0000d100)     _R1
0000d10c     344 (0000d100)     _R2

0033fff8    cfff (0033ffc0)     _CsmPwl

00380090    e002 (00380080)     _PartIdRegs


GLOBAL SYMBOLS: SORTED ALPHABETICALLY BY Name 

address    name
--------   ----
00009000   .text
0000a1aa   C$$EXIT
00009f9e   FS$$DIV
0000988b   _ADCINT_ISR
00380080   _ADC_cal
00000b00   _AdcMirror
00007100   _AdcRegs
00000c00   _CpuTimer0Regs
00000c08   _CpuTimer1Regs
00000c10   _CpuTimer2Regs
0033fff8   _CsmPwl
00000ae0   _CsmRegs
00009ea9   _CsmUnlock
000097b9   _DATALOG_ISR
000099ad   _DINTCH1_ISR
000099b7   _DINTCH2_ISR
000099c1   _DINTCH3_ISR
000099cb   _DINTCH4_ISR
000099d5   _DINTCH5_ISR
000099df   _DINTCH6_ISR
00008072   _DSP28x_usDelay
00000880   _DevEmuRegs
00009df6   _DisableDog
00001000   _DmaRegs
00009a39   _ECAN0INTA_ISR
00009a4d   _ECAN0INTB_ISR
00009a43   _ECAN1INTA_ISR
00009a57   _ECAN1INTB_ISR
00009921   _ECAP1_INT_ISR
0000992b   _ECAP2_INT_ISR
00009935   _ECAP3_INT_ISR
0000993f   _ECAP4_INT_ISR
00009949   _ECAP5_INT_ISR
00009953   _ECAP6_INT_ISR
00006040   _ECanaLAMRegs
000060c0   _ECanaMOTORegs
00006080   _ECanaMOTSRegs
00006100   _ECanaMboxes
00006000   _ECanaRegs
00006240   _ECanbLAMRegs
000062c0   _ECanbMOTORegs
00006280   _ECanbMOTSRegs
00006300   _ECanbMboxes
00006200   _ECanbRegs
00006a00   _ECap1Regs
00006a20   _ECap2Regs
00006a40   _ECap3Regs
00006a60   _ECap4Regs
00006a80   _ECap5Regs
00006aa0   _ECap6Regs
000097cd   _EMUINT_ISR
000098e5   _EPWM1_INT_ISR
000098a9   _EPWM1_TZINT_ISR
000098ef   _EPWM2_INT_ISR
000098b3   _EPWM2_TZINT_ISR
000098f9   _EPWM3_INT_ISR
000098bd   _EPWM3_TZINT_ISR
00009903   _EPWM4_INT_ISR
000098c7   _EPWM4_TZINT_ISR
0000990d   _EPWM5_INT_ISR
000098d1   _EPWM5_TZINT_ISR
00009917   _EPWM6_INT_ISR
000098db   _EPWM6_TZINT_ISR
00006800   _EPwm1Regs
00006840   _EPwm2Regs
00006880   _EPwm3Regs
000068c0   _EPwm4Regs
00006900   _EPwm5Regs
00006940   _EPwm6Regs
0000995d   _EQEP1_INT_ISR
00009967   _EQEP2_INT_ISR
00006b00   _EQep1Regs
00006b40   _EQep2Regs
0000a144   _EnableInterrupts
00000a80   _FlashRegs
00006f80   _GpioCtrlRegs
00006fc0   _GpioDataRegs
00006fe0   _GpioIntRegs
00009432   _Gpio_select
000099e9   _I2CINT1A_ISR
000099f3   _I2CINT2A_ISR
00007900   _I2caRegs
000097e1   _ILLEGAL_ISR
000097a5   _INT13_ISR
000097af   _INT14_ISR
00009c6a   _InitECana500
00009e4e   _InitPeripheralClocks
0000a125   _InitPieCtrl
0000a171   _InitPieVectTable
00009dfe   _InitPll
00009de3   _InitSysCtrl
0000c016   _LPF_ed
0000c014   _LPF_eq
0000c008   _LPF_p
0000c00a   _LPF_vdc
0000c010   _LPF_wdq
00009a9d   _LUF_ISR
00009a93   _LVF_ISR
00009999   _MRINTA_ISR
00009985   _MRINTB_ISR
000099a3   _MXINTA_ISR
0000998f   _MXINTB_ISR
00005000   _McbspaRegs
00005040   _McbspbRegs
000097d7   _NMI_ISR
00009aa7   _PIE_RESERVED
00380090   _PartIdRegs
00000ce0   _PieCtrlRegs
00000d00   _PieVectTable
0000d000   _PieVectTableInit
0000d10a   _R1
0000d10c   _R2
0000d108   _R3
000097c3   _RTOSINT_ISR
00009a11   _SCIRXINTA_ISR
00009a25   _SCIRXINTB_ISR
000099fd   _SCIRXINTC_ISR
00009a1b   _SCITXINTA_ISR
00009a2f   _SCITXINTB_ISR
00009a07   _SCITXINTC_ISR
00009863   _SEQ1INT_ISR
0000986d   _SEQ2INT_ISR
0000d104   _SOGI_Tm
0000d102   _SOGI_gamma
0000d100   _SOGI_k
0000d106   _SOGI_w0
00009971   _SPIRXINTA_ISR
0000997b   _SPITXINTA_ISR
00007050   _SciaRegs
00007750   _ScibRegs
00007770   _ScicRegs
00009dec   _ServiceDog
00009abb   _Sogi_1_bkbk
00009b43   _Sogi_1_fdbk
00009c1b   _Sogi_3_bkbk
00009bcc   _Sogi_3_fdbk
00007040   _SpiaRegs
00007010   _SysCtrlRegs
00009895   _TINT0_ISR
0000923a   _Transf_Clarke_Directa_IA
00009309   _Transf_Clarke_Directa_IP
000092a6   _Transf_Clarke_Inversa_IA
00009375   _Transf_Clarke_Inversa_IP
00009000   _Transf_Park_Directa_IA
00009104   _Transf_Park_Directa_IP
00009086   _Transf_Park_Inversa_IA
00009198   _Transf_Park_Inversa_IP
00009845   _USER10_ISR
0000984f   _USER11_ISR
00009859   _USER12_ISR
000097eb   _USER1_ISR
000097f5   _USER2_ISR
000097ff   _USER3_ISR
00009809   _USER4_ISR
00009813   _USER5_ISR
0000981d   _USER6_ISR
00009827   _USER7_ISR
00009831   _USER8_ISR
0000983b   _USER9_ISR
0000989f   _WAKEINT_ISR
00009877   _XINT1_ISR
00009881   _XINT2_ISR
00009a61   _XINT3_ISR
00009a6b   _XINT4_ISR
00009a75   _XINT5_ISR
00009a7f   _XINT6_ISR
00009a89   _XINT7_ISR
00007070   _XIntruptRegs
00000b20   _XintfRegs
00000700   __STACK_END
00000300   __STACK_SIZE
00000001   __TI_args_main
0000c040   ___TI_cleanup_ptr
0000c042   ___TI_dtors_ptr
ffffffff   ___binit__
ffffffff   ___c_args__
00008000   ___cinit__
0000a1e2   ___etext__
ffffffff   ___pinit__
00009000   ___text__
0000a191   __args_main
0000c03e   __lock
0000a1e1   __nop
0000a1dd   __register_lock
0000a1d9   __register_unlock
00000400   __stack
0000c03c   __unlock
0000948c   _ab02dq0
000094b8   _abc2dq0
0000a1aa   _abort
00009eda   _atan2
0000a0df   _c_int00
000094fb   _calcular_e_sp
00009d5b   _cambiarEndian
00009dba   _cargarFuncionSim
00009ce9   _configurarMailboxes
0000a026   _cos
000094d9   _dq02abc
0000c018   _ea
0000c01e   _eb
0000c001   _ejecs
00009dc2   _ejecutarSim
0000c004   _enable
00009d1a   _enviarPaqueteCAN
0000c046   _errno
0000a1ac   _exit
0000a1c3   _frexp
0000c020   _iLa
0000c024   _iLb
0000c022   _ia
0000c01a   _ib
0000c00e   _id_ref
000093e7   _inicializarParametros
0000c00c   _iq_ref
0000c000   _j
0000c002   _ma
0000940b   _main
0000c012   _mb
0000c006   _mc
00009dab   _modificarParametro
0000c02c   _parametros
00009564   _pasoSim
00009469   _pasoSim2
00009d8e   _protocolo
0000c026   _respuestas
00009ab1   _rsvd_ISR
0000a087   _sin
0000a14e   _sqrt
0000c01c   _vdc
ffffffff   binit
00008000   cinit
0000a1e2   etext
ffffffff   pinit


GLOBAL SYMBOLS: SORTED BY Symbol Address 

address    name
--------   ----
00000001   __TI_args_main
00000300   __STACK_SIZE
00000400   __stack
00000700   __STACK_END
00000880   _DevEmuRegs
00000a80   _FlashRegs
00000ae0   _CsmRegs
00000b00   _AdcMirror
00000b20   _XintfRegs
00000c00   _CpuTimer0Regs
00000c08   _CpuTimer1Regs
00000c10   _CpuTimer2Regs
00000ce0   _PieCtrlRegs
00000d00   _PieVectTable
00001000   _DmaRegs
00005000   _McbspaRegs
00005040   _McbspbRegs
00006000   _ECanaRegs
00006040   _ECanaLAMRegs
00006080   _ECanaMOTSRegs
000060c0   _ECanaMOTORegs
00006100   _ECanaMboxes
00006200   _ECanbRegs
00006240   _ECanbLAMRegs
00006280   _ECanbMOTSRegs
000062c0   _ECanbMOTORegs
00006300   _ECanbMboxes
00006800   _EPwm1Regs
00006840   _EPwm2Regs
00006880   _EPwm3Regs
000068c0   _EPwm4Regs
00006900   _EPwm5Regs
00006940   _EPwm6Regs
00006a00   _ECap1Regs
00006a20   _ECap2Regs
00006a40   _ECap3Regs
00006a60   _ECap4Regs
00006a80   _ECap5Regs
00006aa0   _ECap6Regs
00006b00   _EQep1Regs
00006b40   _EQep2Regs
00006f80   _GpioCtrlRegs
00006fc0   _GpioDataRegs
00006fe0   _GpioIntRegs
00007010   _SysCtrlRegs
00007040   _SpiaRegs
00007050   _SciaRegs
00007070   _XIntruptRegs
00007100   _AdcRegs
00007750   _ScibRegs
00007770   _ScicRegs
00007900   _I2caRegs
00008000   ___cinit__
00008000   cinit
00008072   _DSP28x_usDelay
00009000   .text
00009000   _Transf_Park_Directa_IA
00009000   ___text__
00009086   _Transf_Park_Inversa_IA
00009104   _Transf_Park_Directa_IP
00009198   _Transf_Park_Inversa_IP
0000923a   _Transf_Clarke_Directa_IA
000092a6   _Transf_Clarke_Inversa_IA
00009309   _Transf_Clarke_Directa_IP
00009375   _Transf_Clarke_Inversa_IP
000093e7   _inicializarParametros
0000940b   _main
00009432   _Gpio_select
00009469   _pasoSim2
0000948c   _ab02dq0
000094b8   _abc2dq0
000094d9   _dq02abc
000094fb   _calcular_e_sp
00009564   _pasoSim
000097a5   _INT13_ISR
000097af   _INT14_ISR
000097b9   _DATALOG_ISR
000097c3   _RTOSINT_ISR
000097cd   _EMUINT_ISR
000097d7   _NMI_ISR
000097e1   _ILLEGAL_ISR
000097eb   _USER1_ISR
000097f5   _USER2_ISR
000097ff   _USER3_ISR
00009809   _USER4_ISR
00009813   _USER5_ISR
0000981d   _USER6_ISR
00009827   _USER7_ISR
00009831   _USER8_ISR
0000983b   _USER9_ISR
00009845   _USER10_ISR
0000984f   _USER11_ISR
00009859   _USER12_ISR
00009863   _SEQ1INT_ISR
0000986d   _SEQ2INT_ISR
00009877   _XINT1_ISR
00009881   _XINT2_ISR
0000988b   _ADCINT_ISR
00009895   _TINT0_ISR
0000989f   _WAKEINT_ISR
000098a9   _EPWM1_TZINT_ISR
000098b3   _EPWM2_TZINT_ISR
000098bd   _EPWM3_TZINT_ISR
000098c7   _EPWM4_TZINT_ISR
000098d1   _EPWM5_TZINT_ISR
000098db   _EPWM6_TZINT_ISR
000098e5   _EPWM1_INT_ISR
000098ef   _EPWM2_INT_ISR
000098f9   _EPWM3_INT_ISR
00009903   _EPWM4_INT_ISR
0000990d   _EPWM5_INT_ISR
00009917   _EPWM6_INT_ISR
00009921   _ECAP1_INT_ISR
0000992b   _ECAP2_INT_ISR
00009935   _ECAP3_INT_ISR
0000993f   _ECAP4_INT_ISR
00009949   _ECAP5_INT_ISR
00009953   _ECAP6_INT_ISR
0000995d   _EQEP1_INT_ISR
00009967   _EQEP2_INT_ISR
00009971   _SPIRXINTA_ISR
0000997b   _SPITXINTA_ISR
00009985   _MRINTB_ISR
0000998f   _MXINTB_ISR
00009999   _MRINTA_ISR
000099a3   _MXINTA_ISR
000099ad   _DINTCH1_ISR
000099b7   _DINTCH2_ISR
000099c1   _DINTCH3_ISR
000099cb   _DINTCH4_ISR
000099d5   _DINTCH5_ISR
000099df   _DINTCH6_ISR
000099e9   _I2CINT1A_ISR
000099f3   _I2CINT2A_ISR
000099fd   _SCIRXINTC_ISR
00009a07   _SCITXINTC_ISR
00009a11   _SCIRXINTA_ISR
00009a1b   _SCITXINTA_ISR
00009a25   _SCIRXINTB_ISR
00009a2f   _SCITXINTB_ISR
00009a39   _ECAN0INTA_ISR
00009a43   _ECAN1INTA_ISR
00009a4d   _ECAN0INTB_ISR
00009a57   _ECAN1INTB_ISR
00009a61   _XINT3_ISR
00009a6b   _XINT4_ISR
00009a75   _XINT5_ISR
00009a7f   _XINT6_ISR
00009a89   _XINT7_ISR
00009a93   _LVF_ISR
00009a9d   _LUF_ISR
00009aa7   _PIE_RESERVED
00009ab1   _rsvd_ISR
00009abb   _Sogi_1_bkbk
00009b43   _Sogi_1_fdbk
00009bcc   _Sogi_3_fdbk
00009c1b   _Sogi_3_bkbk
00009c6a   _InitECana500
00009ce9   _configurarMailboxes
00009d1a   _enviarPaqueteCAN
00009d5b   _cambiarEndian
00009d8e   _protocolo
00009dab   _modificarParametro
00009dba   _cargarFuncionSim
00009dc2   _ejecutarSim
00009de3   _InitSysCtrl
00009dec   _ServiceDog
00009df6   _DisableDog
00009dfe   _InitPll
00009e4e   _InitPeripheralClocks
00009ea9   _CsmUnlock
00009eda   _atan2
00009f9e   FS$$DIV
0000a026   _cos
0000a087   _sin
0000a0df   _c_int00
0000a125   _InitPieCtrl
0000a144   _EnableInterrupts
0000a14e   _sqrt
0000a171   _InitPieVectTable
0000a191   __args_main
0000a1aa   C$$EXIT
0000a1aa   _abort
0000a1ac   _exit
0000a1c3   _frexp
0000a1d9   __register_unlock
0000a1dd   __register_lock
0000a1e1   __nop
0000a1e2   ___etext__
0000a1e2   etext
0000c000   _j
0000c001   _ejecs
0000c002   _ma
0000c004   _enable
0000c006   _mc
0000c008   _LPF_p
0000c00a   _LPF_vdc
0000c00c   _iq_ref
0000c00e   _id_ref
0000c010   _LPF_wdq
0000c012   _mb
0000c014   _LPF_eq
0000c016   _LPF_ed
0000c018   _ea
0000c01a   _ib
0000c01c   _vdc
0000c01e   _eb
0000c020   _iLa
0000c022   _ia
0000c024   _iLb
0000c026   _respuestas
0000c02c   _parametros
0000c03c   __unlock
0000c03e   __lock
0000c040   ___TI_cleanup_ptr
0000c042   ___TI_dtors_ptr
0000c046   _errno
0000d000   _PieVectTableInit
0000d100   _SOGI_k
0000d102   _SOGI_gamma
0000d104   _SOGI_Tm
0000d106   _SOGI_w0
0000d108   _R3
0000d10a   _R1
0000d10c   _R2
0033fff8   _CsmPwl
00380080   _ADC_cal
00380090   _PartIdRegs
ffffffff   ___binit__
ffffffff   ___c_args__
ffffffff   ___pinit__
ffffffff   binit
ffffffff   pinit

[233 symbols]
